<html>
<body>
<pre>
<h1>µVision Build Log</h1>
<h2>Project:</h2>
D:\3rdyearcomputer\IOT Project\ESP8266_TM4C123\espDemo.uvproj
Project File Date:  07/18/2018

<h2>Output:</h2>
Build target 'esp8266'
compiling MQTTConnectClient.c...
compiling MQTTConnectServer.c...
compiling MQTTDeserializePublish.c...
compiling MQTTFormat.c...
compiling MQTTPacket.c...
compiling MQTTSerializePublish.c...
compiling MQTTSubscribeClient.c...
compiling MQTTSubscribeServer.c...
compiling MQTTUnsubscribeClient.c...
compiling MQTTUnsubscribeServer.c...
linking...
Program Size: Code=16680 RO-data=104 RW-data=612 ZI-data=11540  
".\esp8266.axf" - 0 Error(s), 0 Warning(s).
</pre>
</body>
</html>
